// Jest Snapshot v1, https://goo.gl/fbAQLP

exports[`Checkbox renders without crashing 1`] = `ShallowWrapper {}`;
