// Jest Snapshot v1, https://goo.gl/fbAQLP

exports[`Test Cira Config Flyout Test Cira Config 1`] = `ShallowWrapper {}`;
