// Jest Snapshot v1, https://goo.gl/fbAQLP

exports[`testing device grid ui component testing device grid snapshot 1`] = `ShallowWrapper {}`;
