// Jest Snapshot v1, https://goo.gl/fbAQLP

exports[`Test domain Flyout Test flyout with out crashing 1`] = `ShallowWrapper {}`;
